[0m17:11:22.315556 [debug] [MainThread]: Sending event: {'category': 'dbt', 'action': 'invocation', 'label': 'start', 'context': [<snowplow_tracker.self_describing_json.SelfDescribingJson object at 0x10440fb60>, <snowplow_tracker.self_describing_json.SelfDescribingJson object at 0x1074bf610>, <snowplow_tracker.self_describing_json.SelfDescribingJson object at 0x1074bf890>]}


============================== 17:11:22.318177 | df120606-ae6b-4d06-b5a4-231078ec28b4 ==============================
[0m17:11:22.318177 [info ] [MainThread]: Running with dbt=1.11.11
[0m17:11:22.318431 [debug] [MainThread]: running dbt with arguments {'invocation_command': 'dbt init olist_analytics', 'version_check': 'True', 'partial_parse': 'True', 'use_experimental_parser': 'False', 'use_colors': 'True', 'indirect_selection': 'eager', 'warn_error': 'None', 'log_format': 'default', 'fail_fast': 'False', 'send_anonymous_usage_stats': 'True', 'cache_selected_only': 'False', 'log_path': 'logs', 'warn_error_options': 'WarnErrorOptionsV2(error=[], warn=[], silence=[])', 'empty': 'None', 'static_parser': 'True', 'printer_width': '80', 'introspect': 'True', 'no_print': 'None', 'debug': 'False', 'quiet': 'False', 'log_cache_events': 'False', 'target_path': 'None', 'write_json': 'True', 'profiles_dir': '/Users/aanyaagarwal/.dbt'}
[0m17:11:22.327139 [info ] [MainThread]: Creating dbt configuration folder at /Users/aanyaagarwal/.dbt
[0m17:11:22.328143 [debug] [MainThread]: Starter project path: /opt/anaconda3/lib/python3.13/site-packages/dbt/include/starter_project
[0m17:11:22.331442 [info ] [MainThread]: 
Your new dbt project "olist_analytics" was created!

For more information on how to configure the profiles.yml file,
please consult the dbt documentation here:

  https://docs.getdbt.com/docs/configure-your-profile

One more thing:

Need help? Don't hesitate to reach out to us via GitHub issues or on Slack:

  https://community.getdbt.com/

Happy modeling!

[0m17:11:22.331561 [info ] [MainThread]: Setting up your profile.
[0m17:14:07.259940 [info ] [MainThread]: Profile olist_analytics written to /Users/aanyaagarwal/.dbt/profiles.yml using target's profile_template.yml and your supplied values. Run 'dbt debug' to validate the connection.
[0m17:14:07.269435 [debug] [MainThread]: Resource report: {"command_name": "init", "command_success": true, "command_wall_clock_time": 164.98831, "process_in_blocks": "0", "process_kernel_time": 1.186879, "process_mem_max_rss": "384811008", "process_out_blocks": "0", "process_user_time": 2.830892}
[0m17:14:07.274002 [debug] [MainThread]: Command `dbt init` succeeded at 17:14:07.273413 after 165.00 seconds
[0m17:14:07.276921 [debug] [MainThread]: Sending event: {'category': 'dbt', 'action': 'invocation', 'label': 'end', 'context': [<snowplow_tracker.self_describing_json.SelfDescribingJson object at 0x16634f6f0>, <snowplow_tracker.self_describing_json.SelfDescribingJson object at 0x102b8c170>, <snowplow_tracker.self_describing_json.SelfDescribingJson object at 0x166331f20>]}
[0m17:14:07.279044 [debug] [MainThread]: Flushing usage events
[0m17:14:09.347357 [debug] [MainThread]: An error was encountered while trying to flush usage events
